{
  "version": "1.5.0",
  "plugins_used": [
    {
      "name": "ArtifactoryDetector"
    },
    {
      "name": "AWSKeyDetector"
    },
    {
      "name": "AzureStorageKeyDetector"
    },
    {
      "name": "Base64HighEntropyString",
      "limit": 4.5
    },
    {
      "name": "BasicAuthDetector"
    },
    {
      "name": "CloudantDetector"
    },
    {
      "name": "DiscordBotTokenDetector"
    },
    {
      "name": "GitHubTokenDetector"
    },
    {
      "name": "GitLabTokenDetector"
    },
    {
      "name": "HexHighEntropyString",
      "limit": 3.0
    },
    {
      "name": "IbmCloudIamDetector"
    },
    {
      "name": "IbmCosHmacDetector"
    },
    {
      "name": "IPPublicDetector"
    },
    {
      "name": "JwtTokenDetector"
    },
    {
      "name": "KeywordDetector",
      "keyword_exclude": ""
    },
    {
      "name": "MailchimpDetector"
    },
    {
      "name": "NpmDetector"
    },
    {
      "name": "OpenAIDetector"
    },
    {
      "name": "PrivateKeyDetector"
    },
    {
      "name": "PypiTokenDetector"
    },
    {
      "name": "SendGridDetector"
    },
    {
      "name": "SlackDetector"
    },
    {
      "name": "SoftlayerDetector"
    },
    {
      "name": "SquareOAuthDetector"
    },
    {
      "name": "StripeDetector"
    },
    {
      "name": "TelegramBotTokenDetector"
    },
    {
      "name": "TwilioKeyDetector"
    }
  ],
  "filters_used": [
    {
      "path": "detect_secrets.filters.allowlist.is_line_allowlisted"
    },
    {
      "path": "detect_secrets.filters.common.is_ignored_due_to_verification_policies",
      "min_level": 2
    },
    {
      "path": "detect_secrets.filters.heuristic.is_indirect_reference"
    },
    {
      "path": "detect_secrets.filters.heuristic.is_likely_id_string"
    },
    {
      "path": "detect_secrets.filters.heuristic.is_lock_file"
    },
    {
      "path": "detect_secrets.filters.heuristic.is_not_alphanumeric_string"
    },
    {
      "path": "detect_secrets.filters.heuristic.is_potential_uuid"
    },
    {
      "path": "detect_secrets.filters.heuristic.is_prefixed_with_dollar_sign"
    },
    {
      "path": "detect_secrets.filters.heuristic.is_sequential_string"
    },
    {
      "path": "detect_secrets.filters.heuristic.is_swagger_file"
    },
    {
      "path": "detect_secrets.filters.heuristic.is_templated_secret"
    }
  ],
  "results": {
    ".env.example": [
      {
        "type": "Basic Auth Credentials",
        "filename": ".env.example",
        "hashed_secret": "710bf6775d99c22de7ad19b182ce58469788e912",
        "is_verified": false,
        "line_number": 2
      }
    ],
    ".github/workflows/ci.yml": [
      {
        "type": "Secret Keyword",
        "filename": ".github/workflows/ci.yml",
        "hashed_secret": "206c80413b9a96c1312cc346b7d2517b84463edd",
        "is_verified": false,
        "line_number": 79
      },
      {
        "type": "Basic Auth Credentials",
        "filename": ".github/workflows/ci.yml",
        "hashed_secret": "206c80413b9a96c1312cc346b7d2517b84463edd",
        "is_verified": false,
        "line_number": 94
      },
      {
        "type": "Secret Keyword",
        "filename": ".github/workflows/ci.yml",
        "hashed_secret": "79f7fbf952c0ecab14d8940649d9f2093ef8f98c",
        "is_verified": false,
        "line_number": 114
      }
    ],
    "Makefile": [
      {
        "type": "Basic Auth Credentials",
        "filename": "Makefile",
        "hashed_secret": "710bf6775d99c22de7ad19b182ce58469788e912",
        "is_verified": false,
        "line_number": 119
      }
    ],
    "docs/PRD.md": [
      {
        "type": "Basic Auth Credentials",
        "filename": "docs/PRD.md",
        "hashed_secret": "710bf6775d99c22de7ad19b182ce58469788e912",
        "is_verified": false,
        "line_number": 1099
      }
    ],
    "docs/deployment.md": [
      {
        "type": "Basic Auth Credentials",
        "filename": "docs/deployment.md",
        "hashed_secret": "9d4e1e23bd5b727046a9e3b4b7db57bd8d6ee684",
        "is_verified": false,
        "line_number": 109
      }
    ],
    "infra/cloud/aws/terraform.tfvars.example": [
      {
        "type": "Secret Keyword",
        "filename": "infra/cloud/aws/terraform.tfvars.example",
        "hashed_secret": "bb66747581d20f44471efd52646c11fb94c068fe",
        "is_verified": false,
        "line_number": 8
      },
      {
        "type": "Secret Keyword",
        "filename": "infra/cloud/aws/terraform.tfvars.example",
        "hashed_secret": "9796b674e034a0dbbac6f1b6d0ab74a4670090d9",
        "is_verified": false,
        "line_number": 30
      }
    ],
    "scripts/import_v0.py": [
      {
        "type": "Basic Auth Credentials",
        "filename": "scripts/import_v0.py",
        "hashed_secret": "710bf6775d99c22de7ad19b182ce58469788e912",
        "is_verified": false,
        "line_number": 11
      }
    ],
    "scripts/preflight-check.sh": [
      {
        "type": "Secret Keyword",
        "filename": "scripts/preflight-check.sh",
        "hashed_secret": "b05082b6b283bdb18f33abc8514d1d3f163640e8",
        "is_verified": false,
        "line_number": 43
      },
      {
        "type": "Secret Keyword",
        "filename": "scripts/preflight-check.sh",
        "hashed_secret": "710bf6775d99c22de7ad19b182ce58469788e912",
        "is_verified": false,
        "line_number": 60
      }
    ],
    "scripts/seed_achievements.py": [
      {
        "type": "Basic Auth Credentials",
        "filename": "scripts/seed_achievements.py",
        "hashed_secret": "710bf6775d99c22de7ad19b182ce58469788e912",
        "is_verified": false,
        "line_number": 7
      }
    ],
    "scripts/seed_demo.py": [
      {
        "type": "Basic Auth Credentials",
        "filename": "scripts/seed_demo.py",
        "hashed_secret": "710bf6775d99c22de7ad19b182ce58469788e912",
        "is_verified": false,
        "line_number": 11
      }
    ],
    "scripts/seed_fixtures.py": [
      {
        "type": "Basic Auth Credentials",
        "filename": "scripts/seed_fixtures.py",
        "hashed_secret": "710bf6775d99c22de7ad19b182ce58469788e912",
        "is_verified": false,
        "line_number": 8
      }
    ],
    "services/app/alembic/versions/a2b3c4d5e6f7_chunk_embedding_1536_to_384.py": [
      {
        "type": "Hex High Entropy String",
        "filename": "services/app/alembic/versions/a2b3c4d5e6f7_chunk_embedding_1536_to_384.py",
        "hashed_secret": "9613249fb063050a0474a5805cb101e071431641",
        "is_verified": false,
        "line_number": 19
      }
    ],
    "services/app/alembic/versions/b3c4d5e6f7g8_add_flashcard_reviews.py": [
      {
        "type": "Hex High Entropy String",
        "filename": "services/app/alembic/versions/b3c4d5e6f7g8_add_flashcard_reviews.py",
        "hashed_secret": "9613249fb063050a0474a5805cb101e071431641",
        "is_verified": false,
        "line_number": 16
      }
    ],
    "services/app/alembic/versions/c73364432b98_initial_schema_9_tables.py": [
      {
        "type": "Hex High Entropy String",
        "filename": "services/app/alembic/versions/c73364432b98_initial_schema_9_tables.py",
        "hashed_secret": "77200ac697377dd0f6611fc54657a22e2254df8d",
        "is_verified": false,
        "line_number": 17
      }
    ],
    "services/app/app/config.py": [
      {
        "type": "Basic Auth Credentials",
        "filename": "services/app/app/config.py",
        "hashed_secret": "710bf6775d99c22de7ad19b182ce58469788e912",
        "is_verified": false,
        "line_number": 11
      }
    ],
    "services/app/app/main.py": [
      {
        "type": "Secret Keyword",
        "filename": "services/app/app/main.py",
        "hashed_secret": "b05082b6b283bdb18f33abc8514d1d3f163640e8",
        "is_verified": false,
        "line_number": 111
      }
    ],
    "services/app/tests/golden/test_push_structure.py": [
      {
        "type": "Base64 High Entropy String",
        "filename": "services/app/tests/golden/test_push_structure.py",
        "hashed_secret": "869e740286f94b2cceedd9acf18094092a799854",
        "is_verified": false,
        "line_number": 27
      },
      {
        "type": "Base64 High Entropy String",
        "filename": "services/app/tests/golden/test_push_structure.py",
        "hashed_secret": "259d361f952f3c14670b65a300ba0f440187b910",
        "is_verified": false,
        "line_number": 44
      }
    ],
    "services/app/tests/integration/conftest.py": [
      {
        "type": "Secret Keyword",
        "filename": "services/app/tests/integration/conftest.py",
        "hashed_secret": "206c80413b9a96c1312cc346b7d2517b84463edd",
        "is_verified": false,
        "line_number": 28
      },
      {
        "type": "Basic Auth Credentials",
        "filename": "services/app/tests/integration/conftest.py",
        "hashed_secret": "206c80413b9a96c1312cc346b7d2517b84463edd",
        "is_verified": false,
        "line_number": 55
      }
    ],
    "services/app/tests/unit/agents/test_anthropic_api.py": [
      {
        "type": "Secret Keyword",
        "filename": "services/app/tests/unit/agents/test_anthropic_api.py",
        "hashed_secret": "ed65c049bb2f78ee4f703b2158ba9cc6ea31fb7e",
        "is_verified": false,
        "line_number": 43
      },
      {
        "type": "Secret Keyword",
        "filename": "services/app/tests/unit/agents/test_anthropic_api.py",
        "hashed_secret": "74f513eb6f61ab2a2263233597ada27c44a11262",
        "is_verified": false,
        "line_number": 69
      }
    ],
    "services/app/tests/unit/agents/test_factory_user_settings.py": [
      {
        "type": "Secret Keyword",
        "filename": "services/app/tests/unit/agents/test_factory_user_settings.py",
        "hashed_secret": "5a550ee7872bed09dec9d3be99a869b17a09ba2b",
        "is_verified": false,
        "line_number": 25
      },
      {
        "type": "Secret Keyword",
        "filename": "services/app/tests/unit/agents/test_factory_user_settings.py",
        "hashed_secret": "91afb3a21a34e2fcabc97c9581df6d71af42ed2d",
        "is_verified": false,
        "line_number": 39
      },
      {
        "type": "Secret Keyword",
        "filename": "services/app/tests/unit/agents/test_factory_user_settings.py",
        "hashed_secret": "7343222eb557352f7e0685992949ce6c2e53c2dc",
        "is_verified": false,
        "line_number": 121
      }
    ],
    "services/app/tests/unit/agents/test_openai_adapter.py": [
      {
        "type": "Secret Keyword",
        "filename": "services/app/tests/unit/agents/test_openai_adapter.py",
        "hashed_secret": "ed65c049bb2f78ee4f703b2158ba9cc6ea31fb7e",
        "is_verified": false,
        "line_number": 44
      },
      {
        "type": "Secret Keyword",
        "filename": "services/app/tests/unit/agents/test_openai_adapter.py",
        "hashed_secret": "74f513eb6f61ab2a2263233597ada27c44a11262",
        "is_verified": false,
        "line_number": 70
      }
    ],
    "services/app/tests/unit/agents/test_stream_answer.py": [
      {
        "type": "Secret Keyword",
        "filename": "services/app/tests/unit/agents/test_stream_answer.py",
        "hashed_secret": "3acfb2c2b433c0ea7ff107e33df91b18e52f960f",
        "is_verified": false,
        "line_number": 57
      }
    ],
    "services/app/tests/unit/api/test_auth.py": [
      {
        "type": "Secret Keyword",
        "filename": "services/app/tests/unit/api/test_auth.py",
        "hashed_secret": "c7bc52ecfd0a718322e3b9af7f368480ab9774c4",
        "is_verified": false,
        "line_number": 58
      },
      {
        "type": "Secret Keyword",
        "filename": "services/app/tests/unit/api/test_auth.py",
        "hashed_secret": "a0f4ea7d91495df92bbac2e2149dfb850fe81396",
        "is_verified": false,
        "line_number": 86
      },
      {
        "type": "Secret Keyword",
        "filename": "services/app/tests/unit/api/test_auth.py",
        "hashed_secret": "79596833eb2f397613f47f43c1b758760b276861",
        "is_verified": false,
        "line_number": 103
      },
      {
        "type": "Secret Keyword",
        "filename": "services/app/tests/unit/api/test_auth.py",
        "hashed_secret": "9b8f53e650cf1e2cb1a021556af52c3d5280e6c0",
        "is_verified": false,
        "line_number": 119
      },
      {
        "type": "Secret Keyword",
        "filename": "services/app/tests/unit/api/test_auth.py",
        "hashed_secret": "423a3a54452f6b5ed371a3167f0a96eecc1b72af",
        "is_verified": false,
        "line_number": 131
      }
    ],
    "services/app/tests/unit/api/test_auth_edge_cases.py": [
      {
        "type": "Secret Keyword",
        "filename": "services/app/tests/unit/api/test_auth_edge_cases.py",
        "hashed_secret": "79596833eb2f397613f47f43c1b758760b276861",
        "is_verified": false,
        "line_number": 50
      },
      {
        "type": "Secret Keyword",
        "filename": "services/app/tests/unit/api/test_auth_edge_cases.py",
        "hashed_secret": "5eb98775e1db18d0c53650a5a6ce0ba3bb8952f6",
        "is_verified": false,
        "line_number": 140
      },
      {
        "type": "Secret Keyword",
        "filename": "services/app/tests/unit/api/test_auth_edge_cases.py",
        "hashed_secret": "982fb697ff91f46bbcf144d9f8fa563656350ba8",
        "is_verified": false,
        "line_number": 156
      },
      {
        "type": "Secret Keyword",
        "filename": "services/app/tests/unit/api/test_auth_edge_cases.py",
        "hashed_secret": "a4b48a81cdab1e1a5dd37907d6c85ca1c61ddc7c",
        "is_verified": false,
        "line_number": 174
      }
    ],
    "services/app/tests/unit/api/test_auth_rate_limit.py": [
      {
        "type": "Secret Keyword",
        "filename": "services/app/tests/unit/api/test_auth_rate_limit.py",
        "hashed_secret": "a4b48a81cdab1e1a5dd37907d6c85ca1c61ddc7c",
        "is_verified": false,
        "line_number": 24
      },
      {
        "type": "Secret Keyword",
        "filename": "services/app/tests/unit/api/test_auth_rate_limit.py",
        "hashed_secret": "79596833eb2f397613f47f43c1b758760b276861",
        "is_verified": false,
        "line_number": 48
      }
    ],
    "services/app/tests/unit/api/test_settings_test_ai.py": [
      {
        "type": "Secret Keyword",
        "filename": "services/app/tests/unit/api/test_settings_test_ai.py",
        "hashed_secret": "9f79797a1bbacd24a47136f2bb082aca95a56adc",
        "is_verified": false,
        "line_number": 90
      }
    ],
    "services/app/tests/unit/core/test_oauth.py": [
      {
        "type": "Secret Keyword",
        "filename": "services/app/tests/unit/core/test_oauth.py",
        "hashed_secret": "0373507d748837d64c43496b32e7c8d6d3266322",
        "is_verified": false,
        "line_number": 56
      },
      {
        "type": "Secret Keyword",
        "filename": "services/app/tests/unit/core/test_oauth.py",
        "hashed_secret": "48e8c6e9feb2bce47d583e42d9a96cb43f82a9e0",
        "is_verified": false,
        "line_number": 68
      },
      {
        "type": "Secret Keyword",
        "filename": "services/app/tests/unit/core/test_oauth.py",
        "hashed_secret": "920a25ef686c4f7ca6ad23dd109d3ad653161832",
        "is_verified": false,
        "line_number": 208
      }
    ],
    "services/app/tests/unit/services/test_user_credentials.py": [
      {
        "type": "Secret Keyword",
        "filename": "services/app/tests/unit/services/test_user_credentials.py",
        "hashed_secret": "d906e636597a6d1489976186182f5d17bd90c283",
        "is_verified": false,
        "line_number": 89
      }
    ],
    "services/app/tests/unit/services/test_user_service.py": [
      {
        "type": "Secret Keyword",
        "filename": "services/app/tests/unit/services/test_user_service.py",
        "hashed_secret": "c7bc52ecfd0a718322e3b9af7f368480ab9774c4",
        "is_verified": false,
        "line_number": 121
      },
      {
        "type": "Secret Keyword",
        "filename": "services/app/tests/unit/services/test_user_service.py",
        "hashed_secret": "b57fa0798cf182195d00866158f0f022ad324741",
        "is_verified": false,
        "line_number": 299
      }
    ],
    "services/app/tests/unit/test_hardening.py": [
      {
        "type": "Secret Keyword",
        "filename": "services/app/tests/unit/test_hardening.py",
        "hashed_secret": "eb48f19e1e1a161a403785e4a1105c7a99e0db69",
        "is_verified": false,
        "line_number": 65
      }
    ],
    "services/ui/e2e/auth.spec.ts": [
      {
        "type": "Secret Keyword",
        "filename": "services/ui/e2e/auth.spec.ts",
        "hashed_secret": "ab3eb0f868f05373c611a6c904ae319ff0772c0c",
        "is_verified": false,
        "line_number": 39
      }
    ],
    "services/ui/e2e/fixtures.ts": [
      {
        "type": "Secret Keyword",
        "filename": "services/ui/e2e/fixtures.ts",
        "hashed_secret": "ab3eb0f868f05373c611a6c904ae319ff0772c0c",
        "is_verified": false,
        "line_number": 13
      }
    ]
  },
  "generated_at": "2026-04-22T12:26:06Z"
}
